[themes.potenzaglobalsolutions.com/html/jobster/index.html]
[backblue.gif]
[fade.gif]
[index.html]
[themes.potenzaglobalsolutions.com/html/jobster/images/favicon.ico]
[themes.potenzaglobalsolutions.com/html/jobster/css/font-awesome/all.min.css]
[themes.potenzaglobalsolutions.com/html/jobster/css/flaticon/flaticon.css]
[themes.potenzaglobalsolutions.com/html/jobster/css/owl-carousel/owl.carousel.min.css]
[themes.potenzaglobalsolutions.com/html/jobster/css/magnific-popup/magnific-popup.css]
[themes.potenzaglobalsolutions.com/html/jobster/css/select2/select2.css]
[themes.potenzaglobalsolutions.com/html/jobster/css/bootstrap/bootstrap.min.css]
[themes.potenzaglobalsolutions.com/html/jobster/index-02.html]
[themes.potenzaglobalsolutions.com/html/jobster/css/style.css]
[themes.potenzaglobalsolutions.com/html/jobster/index-03.html]
[themes.potenzaglobalsolutions.com/html/jobster/index-map.html]
[themes.potenzaglobalsolutions.com/html/jobster/index-slider.html]
[themes.potenzaglobalsolutions.com/html/jobster/index-bg-video.html]
[themes.potenzaglobalsolutions.com/html/jobster/about.html]
[themes.potenzaglobalsolutions.com/html/jobster/services.html]
[themes.potenzaglobalsolutions.com/html/jobster/pricing.html]
[themes.potenzaglobalsolutions.com/html/jobster/career.html]
[themes.potenzaglobalsolutions.com/html/jobster/advertising.html]
[themes.potenzaglobalsolutions.com/html/jobster/contact-us.html]
[themes.potenzaglobalsolutions.com/html/jobster/blog.html]
[themes.potenzaglobalsolutions.com/html/jobster/blog-detail.html]
[themes.potenzaglobalsolutions.com/html/jobster/post-a-job.html]
[themes.potenzaglobalsolutions.com/html/jobster/faqs.html]
[themes.potenzaglobalsolutions.com/html/jobster/browse-categories.html]
[themes.potenzaglobalsolutions.com/html/jobster/browse-locations.html]
[themes.potenzaglobalsolutions.com/html/jobster/login.html]
[themes.potenzaglobalsolutions.com/html/jobster/register.html]
[themes.potenzaglobalsolutions.com/html/jobster/coming-soon.html]
[themes.potenzaglobalsolutions.com/html/jobster/404-error.html]
[themes.potenzaglobalsolutions.com/html/jobster/terms-and-conditions.html]
[themes.potenzaglobalsolutions.com/html/jobster/job-grid.html]
[themes.potenzaglobalsolutions.com/html/jobster/job-listing.html]
[themes.potenzaglobalsolutions.com/html/jobster/job-masonry.html]
[themes.potenzaglobalsolutions.com/html/jobster/job-detail.html]
[themes.potenzaglobalsolutions.com/html/jobster/job-listing-map.html]
[themes.potenzaglobalsolutions.com/html/jobster/employer-grid.html]
[themes.potenzaglobalsolutions.com/html/jobster/employer-listing.html]
[themes.potenzaglobalsolutions.com/html/jobster/employer-masonry.html]
[themes.potenzaglobalsolutions.com/html/jobster/employer-detail.html]
[themes.potenzaglobalsolutions.com/html/jobster/employer-listing-map.html]
[themes.potenzaglobalsolutions.com/html/jobster/dashboard-employer.html]
[themes.potenzaglobalsolutions.com/html/jobster/dashboard-employer-my-profile.html]
[themes.potenzaglobalsolutions.com/html/jobster/dashboard-employer-change-password.html]
[themes.potenzaglobalsolutions.com/html/jobster/dashboard-employer-manage-candidates.html]
[themes.potenzaglobalsolutions.com/html/jobster/dashboard-employer-manage-jobs.html]
[themes.potenzaglobalsolutions.com/html/jobster/dashboard-employer-post-new-job.html]
[themes.potenzaglobalsolutions.com/html/jobster/dashboard-employer-pricing.html]
[themes.potenzaglobalsolutions.com/html/jobster/candidates-grid.html]
[themes.potenzaglobalsolutions.com/html/jobster/candidates-listing.html]
[themes.potenzaglobalsolutions.com/html/jobster/candidates-masonry.html]
[themes.potenzaglobalsolutions.com/html/jobster/candidate-detail.html]
[themes.potenzaglobalsolutions.com/html/jobster/candidates-listing-map.html]
[themes.potenzaglobalsolutions.com/html/jobster/dashboard-candidates.html]
[themes.potenzaglobalsolutions.com/html/jobster/dashboard-candidates-my-profile.html]
[themes.potenzaglobalsolutions.com/html/jobster/dashboard-candidates-change-password.html]
[themes.potenzaglobalsolutions.com/html/jobster/dashboard-candidates-my-resume.html]
[themes.potenzaglobalsolutions.com/html/jobster/dashboard-candidates-manage-jobs.html]
[themes.potenzaglobalsolutions.com/html/jobster/dashboard-candidates-saved-jobs.html]
[themes.potenzaglobalsolutions.com/html/jobster/dashboard-candidates-pricing.html]
[themes.potenzaglobalsolutions.com/html/jobster/my-resume.html]
[themes.potenzaglobalsolutions.com/html/jobster/images/bg/banner-01.jpg]
[themes.potenzaglobalsolutions.com/html/jobster/images/avatar/04.jpg]
[themes.potenzaglobalsolutions.com/html/jobster/images/avatar/01.jpg]
[themes.potenzaglobalsolutions.com/html/jobster/images/avatar/05.jpg]
[themes.potenzaglobalsolutions.com/html/jobster/images/avatar/08.jpg]
[themes.potenzaglobalsolutions.com/html/jobster/images/avatar/06.jpg]
[themes.potenzaglobalsolutions.com/html/jobster/images/avatar/02.jpg]
[themes.potenzaglobalsolutions.com/html/jobster/images/bg/01.png]
[themes.potenzaglobalsolutions.com/html/jobster/images/about/01.jpg]
[themes.potenzaglobalsolutions.com/html/jobster/images/about/02.jpg]
[themes.potenzaglobalsolutions.com/html/jobster/images/mobile-app.png]
[themes.potenzaglobalsolutions.com/html/jobster/images/blog/03.jpg]
[themes.potenzaglobalsolutions.com/html/jobster/images/blog/04.jpg]
[themes.potenzaglobalsolutions.com/html/jobster/images/blog/05.jpg]
[themes.potenzaglobalsolutions.com/html/jobster/js/jquery-3.6.0.min.js]
[themes.potenzaglobalsolutions.com/html/jobster/js/popper/popper.min.js]
[themes.potenzaglobalsolutions.com/html/jobster/js/bootstrap/bootstrap.min.js]
[themes.potenzaglobalsolutions.com/html/jobster/js/jquery.appear.js]
[themes.potenzaglobalsolutions.com/html/jobster/js/counter/jquery.countTo.js]
[themes.potenzaglobalsolutions.com/html/jobster/js/owl-carousel/owl-carousel.min.js]
[themes.potenzaglobalsolutions.com/html/jobster/js/magnific-popup/jquery.magnific-popup.min.js]
[themes.potenzaglobalsolutions.com/html/jobster/js/select2/select2.full.js]
[themes.potenzaglobalsolutions.com/html/jobster/js/custom.js]
[themes.potenzaglobalsolutions.com/html/jobster/index.html]
[themes.potenzaglobalsolutions.com/html/jobster/fonts/fa-brands-400.woff2]
[themes.potenzaglobalsolutions.com/html/jobster/fonts/fa-brands-400.ttf]
[themes.potenzaglobalsolutions.com/html/jobster/fonts/fa-regular-400.woff2]
[themes.potenzaglobalsolutions.com/html/jobster/fonts/fa-regular-400.ttf]
[themes.potenzaglobalsolutions.com/html/jobster/fonts/fa-solid-900.woff2]
[themes.potenzaglobalsolutions.com/html/jobster/fonts/fa-solid-900.ttf]
[themes.potenzaglobalsolutions.com/html/jobster/css/font-awesome/all.min.css]
[themes.potenzaglobalsolutions.com/html/jobster/fonts/Flaticon.eot]
[themes.potenzaglobalsolutions.com/html/jobster/fonts/Flaticond41d.eot]
[themes.potenzaglobalsolutions.com/html/jobster/fonts/Flaticon.woff2]
[themes.potenzaglobalsolutions.com/html/jobster/fonts/Flaticon.woff]
[themes.potenzaglobalsolutions.com/html/jobster/fonts/Flaticon.ttf]
[themes.potenzaglobalsolutions.com/html/jobster/css/flaticon/flaticon.css]
[themes.potenzaglobalsolutions.com/html/jobster/css/bootstrap/bootstrap.min.css]
[themes.potenzaglobalsolutions.com/html/jobster/css/owl-carousel/owl.carousel.min.css]
[themes.potenzaglobalsolutions.com/html/jobster/css/magnific-popup/magnific-popup.css]
[themes.potenzaglobalsolutions.com/html/jobster/css/select2/select2.css]
[themes.potenzaglobalsolutions.com/html/jobster/css/style.css]
[themes.potenzaglobalsolutions.com/html/jobster/images/logo.svg]
[themes.potenzaglobalsolutions.com/html/jobster/images/bg/banner-02.jpg]
[themes.potenzaglobalsolutions.com/html/jobster/images/step/pattern-01.png]
[themes.potenzaglobalsolutions.com/html/jobster/images/step/01.jpg]
[themes.potenzaglobalsolutions.com/html/jobster/images/step/02.jpg]
[themes.potenzaglobalsolutions.com/html/jobster/images/step/03.jpg]
[themes.potenzaglobalsolutions.com/html/jobster/images/about/06.jpg]
[themes.potenzaglobalsolutions.com/html/jobster/images/about/07.jpg]
[themes.potenzaglobalsolutions.com/html/jobster/images/blog/01.jpg]
[themes.potenzaglobalsolutions.com/html/jobster/images/blog/02.jpg]
[themes.potenzaglobalsolutions.com/html/jobster/index-02.html]
[themes.potenzaglobalsolutions.com/html/jobster/css/range-slider/ion.rangeSlider.css]
[themes.potenzaglobalsolutions.com/html/jobster/css/subtle-slideshow.css]
[themes.potenzaglobalsolutions.com/html/jobster/images/bg-slider/01.jpg]
[themes.potenzaglobalsolutions.com/html/jobster/images/bg-slider/02.jpg]
[themes.potenzaglobalsolutions.com/html/jobster/images/bg-slider/03.jpg]
[themes.potenzaglobalsolutions.com/html/jobster/images/about/11.jpg]
[themes.potenzaglobalsolutions.com/html/jobster/images/about/01.png]
[themes.potenzaglobalsolutions.com/html/jobster/images/avatar/03.jpg]
[themes.potenzaglobalsolutions.com/html/jobster/js/slideshow/jquery.velocity.min.js]
[themes.potenzaglobalsolutions.com/html/jobster/js/slideshow/jquery.kenburnsy.js]
[themes.potenzaglobalsolutions.com/html/jobster/index-03.html]
[themes.potenzaglobalsolutions.com/html/jobster/css/map/snazzy-info-window.min.css]
[themes.potenzaglobalsolutions.com/html/jobster/images/about/05.jpg]
[themes.potenzaglobalsolutions.com/html/jobster/images/bg/02.jpg]
[themes.potenzaglobalsolutions.com/html/jobster/js/map/handlebars.min.js]
[themes.potenzaglobalsolutions.com/html/jobster/js/map/snazzy-info-window.min.js]
[themes.potenzaglobalsolutions.com/html/jobster/js/map/map-script.js]
[themes.potenzaglobalsolutions.com/html/jobster/index-map.html]
[themes.potenzaglobalsolutions.com/html/jobster/css/animate/animate.min.css]
[themes.potenzaglobalsolutions.com/html/jobster/images/slider/banner-01.jpg]
[themes.potenzaglobalsolutions.com/html/jobster/images/slider/banner-02.jpg]
[themes.potenzaglobalsolutions.com/html/jobster/images/bg/03.jpg]
[themes.potenzaglobalsolutions.com/html/jobster/images/about/03.jpg]
[themes.potenzaglobalsolutions.com/html/jobster/images/about/04.jpg]
[themes.potenzaglobalsolutions.com/html/jobster/images/bg/04.jpg]
[themes.potenzaglobalsolutions.com/html/jobster/images/about/05.png]
[themes.potenzaglobalsolutions.com/html/jobster/index-slider.html]
[themes.potenzaglobalsolutions.com/html/jobster/images/about/09.jpg]
[themes.potenzaglobalsolutions.com/html/jobster/js/jarallax/jarallax.min.js]
[themes.potenzaglobalsolutions.com/html/jobster/js/jarallax/jarallax-video.min.js]
[themes.potenzaglobalsolutions.com/html/jobster/index-bg-video.html]
[themes.potenzaglobalsolutions.com/html/jobster/properties.html]
[themes.potenzaglobalsolutions.com/html/jobster/about.html]
[themes.potenzaglobalsolutions.com/html/jobster/images/about/10.jpg]
[themes.potenzaglobalsolutions.com/html/jobster/images/about/08.jpg]
[themes.potenzaglobalsolutions.com/html/jobster/services.html]
[themes.potenzaglobalsolutions.com/html/jobster/pricing.html]
[themes.potenzaglobalsolutions.com/html/jobster/images/gallery/04.jpg]
[themes.potenzaglobalsolutions.com/html/jobster/images/gallery/05.jpg]
[themes.potenzaglobalsolutions.com/html/jobster/images/gallery/06.jpg]
[themes.potenzaglobalsolutions.com/html/jobster/images/gallery/07.jpg]
[themes.potenzaglobalsolutions.com/html/jobster/images/gallery/08.jpg]
[themes.potenzaglobalsolutions.com/html/jobster/images/gallery/09.jpg]
[themes.potenzaglobalsolutions.com/html/jobster/images/gallery/10.jpg]
[themes.potenzaglobalsolutions.com/html/jobster/images/gallery/11.jpg]
[themes.potenzaglobalsolutions.com/html/jobster/career.html]
[themes.potenzaglobalsolutions.com/html/jobster/advertising.html]
[themes.potenzaglobalsolutions.com/html/jobster/contact-us.html]
[themes.potenzaglobalsolutions.com/html/jobster/images/blog/06.jpg]
[themes.potenzaglobalsolutions.com/html/jobster/images/blog/07.jpg]
[themes.potenzaglobalsolutions.com/html/jobster/images/blog/08.jpg]
[themes.potenzaglobalsolutions.com/html/jobster/blog.html]
[themes.potenzaglobalsolutions.com/html/jobster/blog-detail.html]
[themes.potenzaglobalsolutions.com/html/jobster/js/range-slider/ion.rangeSlider.min.js]
[themes.potenzaglobalsolutions.com/html/jobster/post-a-job.html]
[themes.potenzaglobalsolutions.com/html/jobster/faqs.html]
[themes.potenzaglobalsolutions.com/html/jobster/browse-categories.html]
[themes.potenzaglobalsolutions.com/html/jobster/browse-locations.html]
[themes.potenzaglobalsolutions.com/html/jobster/login.html]
[themes.potenzaglobalsolutions.com/html/jobster/register.html]
[themes.potenzaglobalsolutions.com/html/jobster/images/bg/02.png]
[themes.potenzaglobalsolutions.com/html/jobster/js/countdown/jquery.downCount.js]
[themes.potenzaglobalsolutions.com/html/jobster/coming-soon.html]
[themes.potenzaglobalsolutions.com/html/jobster/images/error-img.png]
[themes.potenzaglobalsolutions.com/html/jobster/404-error.html]
[themes.potenzaglobalsolutions.com/html/jobster/terms-and-conditions.html]
[themes.potenzaglobalsolutions.com/html/jobster/job-grid.html]
[themes.potenzaglobalsolutions.com/html/jobster/images/add-banner.png]
[themes.potenzaglobalsolutions.com/html/jobster/job-listing.html]
[themes.potenzaglobalsolutions.com/html/jobster/js/shuffle/shuffle.min.js]
[themes.potenzaglobalsolutions.com/html/jobster/job-masonry.html]
[themes.potenzaglobalsolutions.com/html/jobster/job-detail.html]
[themes.potenzaglobalsolutions.com/html/jobster/job-listing-map.html]
[themes.potenzaglobalsolutions.com/html/jobster/employer-grid.html]
[themes.potenzaglobalsolutions.com/html/jobster/employer-listing.html]
[themes.potenzaglobalsolutions.com/html/jobster/employer-masonry.html]
[themes.potenzaglobalsolutions.com/html/jobster/images/gallery/12.jpg]
[themes.potenzaglobalsolutions.com/html/jobster/images/gallery/13.jpg]
[themes.potenzaglobalsolutions.com/html/jobster/images/gallery/14.jpg]
[themes.potenzaglobalsolutions.com/html/jobster/employer-detail.html]
[themes.potenzaglobalsolutions.com/html/jobster/employer-listing-map.html]
[themes.potenzaglobalsolutions.com/html/jobster/css/apexcharts/apexcharts.css]
[themes.potenzaglobalsolutions.com/html/jobster/dashboard-employer.html]
[themes.potenzaglobalsolutions.com/html/jobster/js/apexcharts/apexcharts.min.js]
[themes.potenzaglobalsolutions.com/html/jobster/css/datetimepicker/datetimepicker.min.css]
[themes.potenzaglobalsolutions.com/html/jobster/js/datetimepicker/moment.min.js]
[themes.potenzaglobalsolutions.com/html/jobster/dashboard-employer-my-profile.html]
[themes.potenzaglobalsolutions.com/html/jobster/dashboard-employer-change-password.html]
[themes.potenzaglobalsolutions.com/html/jobster/dashboard-employer-manage-candidates.html]
[themes.potenzaglobalsolutions.com/html/jobster/dashboard-employer-manage-jobs.html]
[themes.potenzaglobalsolutions.com/html/jobster/dashboard-employer-post-new-job.html]
[themes.potenzaglobalsolutions.com/html/jobster/dashboard-employer-pricing.html]
[themes.potenzaglobalsolutions.com/html/jobster/js/datetimepicker/datetimepicker.min.js]
[themes.potenzaglobalsolutions.com/html/jobster/images/avatar/07.jpg]
[themes.potenzaglobalsolutions.com/html/jobster/images/avatar/09.jpg]
[themes.potenzaglobalsolutions.com/html/jobster/images/avatar/10.jpg]
[themes.potenzaglobalsolutions.com/html/jobster/candidates-grid.html]
[themes.potenzaglobalsolutions.com/html/jobster/images/avatar/11.jpg]
[themes.potenzaglobalsolutions.com/html/jobster/candidates-listing.html]
[themes.potenzaglobalsolutions.com/html/jobster/candidates-masonry.html]
[themes.potenzaglobalsolutions.com/html/jobster/candidate-detail.html]
[themes.potenzaglobalsolutions.com/html/jobster/candidates-listing-map.html]
[themes.potenzaglobalsolutions.com/html/jobster/dashboard-candidates.html]
[themes.potenzaglobalsolutions.com/html/jobster/dashboard-candidates-my-profile.html]
[themes.potenzaglobalsolutions.com/html/jobster/dashboard-candidates-change-password.html]
[themes.potenzaglobalsolutions.com/html/jobster/dashboard-candidates-my-resume.html]
[themes.potenzaglobalsolutions.com/html/jobster/dashboard-candidates-manage-jobs.html]
[themes.potenzaglobalsolutions.com/html/jobster/dashboard-candidates-saved-jobs.html]
[themes.potenzaglobalsolutions.com/html/jobster/dashboard-candidates-pricing.html]
[themes.potenzaglobalsolutions.com/html/jobster/my-resume.html]
[themes.potenzaglobalsolutions.com/html/jobster/images/svg/10.svg]
[themes.potenzaglobalsolutions.com/html/jobster/images/svg/02.svg]
[themes.potenzaglobalsolutions.com/html/jobster/images/svg/06.svg]
[themes.potenzaglobalsolutions.com/html/jobster/images/svg/11.svg]
[themes.potenzaglobalsolutions.com/html/jobster/images/svg/12.svg]
[themes.potenzaglobalsolutions.com/html/jobster/images/svg/13.svg]
[themes.potenzaglobalsolutions.com/html/jobster/images/svg/17.svg]
[themes.potenzaglobalsolutions.com/html/jobster/images/svg/18.svg]
[themes.potenzaglobalsolutions.com/html/jobster/images/svg/19.svg]
[themes.potenzaglobalsolutions.com/html/jobster/images/svg/09.svg]
[themes.potenzaglobalsolutions.com/html/jobster/images/logo-light.svg]
[themes.potenzaglobalsolutions.com/html/jobster/fonts/fa-v4compatibility.html]
[themes.potenzaglobalsolutions.com/html/jobster/fonts/fa-v4compatibility-2.html]
[themes.potenzaglobalsolutions.com/html/jobster/fonts/Flaticon.svg]
[themes.potenzaglobalsolutions.com/html/jobster/css/owl-carousel/owl.video.play.html]
[themes.potenzaglobalsolutions.com/html/jobster/property-list.html]
[themes.potenzaglobalsolutions.com/html/jobster/images/svg/01.svg]
[themes.potenzaglobalsolutions.com/html/jobster/images/svg/03.svg]
[themes.potenzaglobalsolutions.com/html/jobster/images/svg/04.svg]
[themes.potenzaglobalsolutions.com/html/jobster/images/logo-dark.svg]
[themes.potenzaglobalsolutions.com/html/jobster/css/range-slider/ion.rangeSlider.css]
[themes.potenzaglobalsolutions.com/html/jobster/css/subtle-slideshow.css]
[themes.potenzaglobalsolutions.com/html/jobster/images/svg/14.svg]
[themes.potenzaglobalsolutions.com/html/jobster/images/svg/15.svg]
[themes.potenzaglobalsolutions.com/html/jobster/images/svg/16.svg]
[themes.potenzaglobalsolutions.com/html/jobster/images/svg/08.svg]
[themes.potenzaglobalsolutions.com/html/jobster/images/svg/07.svg]
[themes.potenzaglobalsolutions.com/html/jobster/css/map/snazzy-info-window.min.css]
[themes.potenzaglobalsolutions.com/html/jobster/images/svg/20.svg]
[themes.potenzaglobalsolutions.com/html/jobster/css/animate/animate.min.css]
[themes.potenzaglobalsolutions.com/html/jobster/images/client/01.svg]
[themes.potenzaglobalsolutions.com/html/jobster/images/client/02.svg]
[themes.potenzaglobalsolutions.com/html/jobster/images/client/03.svg]
[themes.potenzaglobalsolutions.com/html/jobster/images/client/04.svg]
[themes.potenzaglobalsolutions.com/html/jobster/images/client/05.svg]
[themes.potenzaglobalsolutions.com/html/jobster/images/client/06.svg]
[themes.potenzaglobalsolutions.com/html/jobster/images/client/07.svg]
[themes.potenzaglobalsolutions.com/html/jobster/dashboard.html]
[themes.potenzaglobalsolutions.com/html/jobster/images/svg/05.svg]
[themes.potenzaglobalsolutions.com/html/jobster/css/apexcharts/apexcharts.css]
[themes.potenzaglobalsolutions.com/html/jobster/css/datetimepicker/datetimepicker.min.css]
